// Jest Snapshot v1, https://goo.gl/fbAQLP

exports[`Pruebas en <GifItem /> debe de hacer match en el snapshot 1`] = `
<div>
  <div
    class="card"
  >
    <img
      alt="Gato bailarin"
      src="https://media.tenor.com/5Jingks2rHAAAAAM/%D1%84%D0%BB%D0%B5%D0%BA%D1%81%D0%BA%D0%BE%D1%82%D0%B0-catflex.gif"
    />
    <p>
      Gato bailarin
    </p>
  </div>
</div>
`;
